do language plr '
pg.throwlog("Hello, world!")
';
do language plr '
pg.thrownotice("Hello, world!")
';
NOTICE:  Hello, world!
